// Jest Snapshot v1, https://goo.gl/fbAQLP

exports[`Button component test match snapshot 1`] = `
<View
  accessible={true}
  focusable={false}
  onClick={[Function]}
  onResponderGrant={[Function]}
  onResponderMove={[Function]}
  onResponderRelease={[Function]}
  onResponderTerminate={[Function]}
  onResponderTerminationRequest={[Function]}
  onStartShouldSetResponder={[Function]}
  style={
    Object {
      "alignSelf": "stretch",
      "opacity": 1,
    }
  }
>
  <View
    style={
      Array [
        Object {
          "alignItems": "center",
          "borderRadius": 5,
          "display": "flex",
          "flexDirection": "row",
          "justifyContent": "center",
          "paddingHorizontal": 10,
        },
        Object {
          "backgroundColor": "#2B44FF",
          "borderColor": undefined,
          "borderWidth": undefined,
          "minHeight": 50,
        },
      ]
    }
  >
    <Text
      style={
        Array [
          Object {
            "display": "flex",
            "fontSize": 20,
            "fontWeight": "bold",
          },
          Object {
            "color": "#FFFFFF",
            "fontFamily": undefined,
            "fontSize": 14,
            "fontWeight": undefined,
          },
        ]
      }
    >
      wahala
    </Text>
  </View>
</View>
`;
