// Jest Snapshot v1, https://goo.gl/fbAQLP

exports[`Text component test renders correctly 1`] = `null`;
