// Jest Snapshot v1, https://goo.gl/fbAQLP

exports[`Text component test renders correctly 1`] = `
<Text
  style={
    Array [
      Object {
        "color": "#242833",
        "display": "flex",
        "fontSize": 18,
      },
    ]
  }
>
  Many
</Text>
`;
